ERR 2026-08-23T07:23:48.646 nvim.5629.0 decor_provider_error:29: Error in decoration provider "conceal_line" (ns=nvim.treesitter.highlighter):
Lua: .../neovim/0.12.4/share/nvim/runtime/lua/vim/treesitter.lua:197: attempt to call method 'range' (a nil value)
stack traceback:
	.../neovim/0.12.4/share/nvim/runtime/lua/vim/treesitter.lua:197: in function 'get_range'
	.../neovim/0.12.4/share/nvim/runtime/lua/vim/treesitter.lua:239: in function 'get_node_text'
	...nvim-treesitter/lua/nvim-treesitter/query_predicates.lua:141: in function 'handler'
	...m/0.12.4/share/nvim/runtime/lua/vim/treesitter/query.lua:864: in function '_apply_directives'
	...m/0.12.4/share/nvim/runtime/lua/vim/treesitter/query.lua:1085: in function '(for generator)'
	...4/share/nvim/runtime/lua/vim/treesitter/languagetree.lua:1125: in function '_get_injections'
	...4/share/nvim/runtime/lua/vim/treesitter/languagetree.lua:690: in function '_parse'
	...4/share/nvim/runtime/lua/vim/treesitter/languagetree.lua:639: in function 'parse'
	....4/share/nvim/runtime/lua/vim/treesitter/highlighter.lua:529: in function <....4/share/nvim/runtime/lua/vim/treesitter/highlighter.lua:521>
ERR 2026-08-23T07:23:48.646 nvim.5629.0 decor_provider_error:29: Error in decoration provider "conceal_line" (ns=nvim.treesitter.highlighter):
Lua: .../neovim/0.12.4/share/nvim/runtime/lua/vim/treesitter.lua:197: attempt to call method 'range' (a nil value)
stack traceback:
	.../neovim/0.12.4/share/nvim/runtime/lua/vim/treesitter.lua:197: in function 'get_range'
	.../neovim/0.12.4/share/nvim/runtime/lua/vim/treesitter.lua:239: in function 'get_node_text'
	...nvim-treesitter/lua/nvim-treesitter/query_predicates.lua:141: in function 'handler'
	...m/0.12.4/share/nvim/runtime/lua/vim/treesitter/query.lua:864: in function '_apply_directives'
	...m/0.12.4/share/nvim/runtime/lua/vim/treesitter/query.lua:1085: in function '(for generator)'
	...4/share/nvim/runtime/lua/vim/treesitter/languagetree.lua:1125: in function '_get_injections'
	...4/share/nvim/runtime/lua/vim/treesitter/languagetree.lua:690: in function '_parse'
	...4/share/nvim/runtime/lua/vim/treesitter/languagetree.lua:639: in function 'parse'
	....4/share/nvim/runtime/lua/vim/treesitter/highlighter.lua:529: in function <....4/share/nvim/runtime/lua/vim/treesitter/highlighter.lua:521>
ERR 2026-08-23T07:23:48.646 nvim.5629.0 decor_provider_error:29: Error in decoration provider "conceal_line" (ns=nvim.treesitter.highlighter):
Lua: .../neovim/0.12.4/share/nvim/runtime/lua/vim/treesitter.lua:197: attempt to call method 'range' (a nil value)
stack traceback:
	.../neovim/0.12.4/share/nvim/runtime/lua/vim/treesitter.lua:197: in function 'get_range'
	.../neovim/0.12.4/share/nvim/runtime/lua/vim/treesitter.lua:239: in function 'get_node_text'
	...nvim-treesitter/lua/nvim-treesitter/query_predicates.lua:141: in function 'handler'
	...m/0.12.4/share/nvim/runtime/lua/vim/treesitter/query.lua:864: in function '_apply_directives'
	...m/0.12.4/share/nvim/runtime/lua/vim/treesitter/query.lua:1085: in function '(for generator)'
	...4/share/nvim/runtime/lua/vim/treesitter/languagetree.lua:1125: in function '_get_injections'
	...4/share/nvim/runtime/lua/vim/treesitter/languagetree.lua:690: in function '_parse'
	...4/share/nvim/runtime/lua/vim/treesitter/languagetree.lua:639: in function 'parse'
	....4/share/nvim/runtime/lua/vim/treesitter/highlighter.lua:529: in function <....4/share/nvim/runtime/lua/vim/treesitter/highlighter.lua:521>
